[2025-04-08 19:23:42][INFO]: ============= Log file initialized
[2025-04-09 21:27:50][INFO]: ============= Log Console started
[2025-04-09 21:27:50][INFO]: (HTTP)(GET) Client(ID=303) was found successfully
[2025-04-09 21:29:59][INFO]: (HTTP)(POST) Client(ID=310) was added successfully
[2025-04-10 14:04:40][INFO]: ============= Log Console started
[2025-04-10 14:04:40][WARNING]: (HTTP)(POST=DeleteClient)System.SystemException: (TECBANKSERVICE)System.Collections.Generic.KeyNotFoundException: (TECBANKSERVICE) Client(ID=301) not found in the database
   at tecbank.services.TECBankService.Client_Delete(Int32 id) in B:\workbench\repos\CE3101-TECBank-Prototipo\src\web\api\services\TECBankService.cs:line 101
   at tecbank.services.TECBankService.Client_Delete(Int32 id) in B:\workbench\repos\CE3101-TECBank-Prototipo\src\web\api\services\TECBankService.cs:line 113
   at tecbank.controllers.Admin.DeleteClient(Int32 id) in B:\workbench\repos\CE3101-TECBank-Prototipo\src\web\api\controllers\AdminSubsystem.cs:line 227
[2025-04-10 14:04:45][WARNING]: (HTTP)(POST=DeleteClient)System.SystemException: (TECBANKSERVICE)System.InvalidOperationException: (TECBANKSERVICE) Client(ID=302) cannot be removed until all loans are paid
   at tecbank.services.TECBankService.Client_Delete(Int32 id) in B:\workbench\repos\CE3101-TECBank-Prototipo\src\web\api\services\TECBankService.cs:line 104
   at tecbank.services.TECBankService.Client_Delete(Int32 id) in B:\workbench\repos\CE3101-TECBank-Prototipo\src\web\api\services\TECBankService.cs:line 113
   at tecbank.controllers.Admin.DeleteClient(Int32 id) in B:\workbench\repos\CE3101-TECBank-Prototipo\src\web\api\controllers\AdminSubsystem.cs:line 227
[2025-04-10 14:08:23][INFO]: ============= Log Console started
[2025-04-10 14:08:23][WARNING]: (HTTP)(POST=DeleteClient)System.SystemException: (TECBANKSERVICE)System.InvalidOperationException: (TECBANKSERVICE) Client(ID=302) cannot be removed until all loans are paid
   at tecbank.services.TECBankService.Client_Delete(Int32 id) in B:\workbench\repos\CE3101-TECBank-Prototipo\src\web\api\services\TECBankService.cs:line 104
   at tecbank.services.TECBankService.Client_Delete(Int32 id) in B:\workbench\repos\CE3101-TECBank-Prototipo\src\web\api\services\TECBankService.cs:line 113
   at tecbank.controllers.Admin.DeleteClient(Int32 id) in B:\workbench\repos\CE3101-TECBank-Prototipo\src\web\api\controllers\AdminSubsystem.cs:line 227
[2025-04-10 16:31:52][INFO]: ============= Log Console started
[2025-04-10 16:31:52][INFO]: (HTTP)(GET=GetClients) Clients retrieved succesfully
[2025-04-10 16:32:05][INFO]: (HTTP)(GET=GetClient) Client(ID=304) was found successfully
[2025-04-10 16:37:30][INFO]: ============= Log Console started
[2025-04-10 16:37:30][INFO]: (HTTP)(GET=GetClients) Clients retrieved succesfully
[2025-04-10 16:38:31][INFO]: (HTTP)(POST=AddClient) Client(ID=306) was added successfully
[2025-04-10 16:38:38][INFO]: (HTTP)(GET=GetClients) Clients retrieved succesfully
[2025-04-10 16:38:47][WARNING]: (HTTP)(POST=AddClient)System.ArgumentException: (TECBANKSERVICE)System.ArgumentException: (DBConnect)System.ArgumentException: (TableAP) obj object already exists in the table clients:1
   at tecbank.DBMS.TableAP.create[T](T obj) in B:\workbench\repos\CE3101-TECBank-Prototipo\src\web\api\services\dbms\TableAP.cs:line 182
   at tecbank.services.DBMS.DBConnect.INSERT[T](String table, T obj) in B:\workbench\repos\CE3101-TECBank-Prototipo\src\web\api\services\dbms\DBConnect.cs:line 109
   at tecbank.services.DBMS.DBConnect.INSERT[T](String table, T obj) in B:\workbench\repos\CE3101-TECBank-Prototipo\src\web\api\services\dbms\DBConnect.cs:line 113
   at tecbank.services.TECBankService.Client_Add(ClientAccount client) in B:\workbench\repos\CE3101-TECBank-Prototipo\src\web\api\services\TECBankService.cs:line 96
   at tecbank.services.TECBankService.Client_Add(ClientAccount client) in B:\workbench\repos\CE3101-TECBank-Prototipo\src\web\api\services\TECBankService.cs:line 102
   at tecbank.controllers.Admin.AddClient(ClientAccount client) in B:\workbench\repos\CE3101-TECBank-Prototipo\src\web\api\controllers\AdminSubsystem.cs:line 110
[2025-04-10 17:28:11][INFO]: ============= Log Console started
[2025-04-10 17:28:11][INFO]: (HTTP)(GET=GetAccounts) Bank accounts retrieved succesfully
[2025-04-10 23:33:25][INFO]: ============= Log Console started
[2025-04-10 23:33:25][INFO]: (HTTP)(GET=GetAccounts) Bank accounts retrieved succesfully
[2025-04-11 14:36:22][INFO]: ============= Log Console started
[2025-04-11 14:36:22][INFO]: (HTTP)(GET=GetClients) Clients retrieved succesfully
[2025-04-11 14:36:31][INFO]: (HTTP)(GET=GetAccounts) Bank accounts retrieved succesfully
[2025-04-11 14:36:54][INFO]: (HTTP)(GET=GetCards) Bank cards retrieved succesfully
[2025-04-11 14:37:01][INFO]: (HTTP)(GET=GetEmployees) Employees retrieved succesfully
[2025-04-11 14:37:52][INFO]: (HTTP)(GET=GetMovements) Bank movements retrieved succesfully
[2025-04-11 14:38:13][INFO]: (HTTP)(GET=GetEmployees) Loans retrieved succesfully
[2025-04-11 14:40:22][INFO]: (HTTP)(GET=GetLoanPayments) Loan payments retrieved succesfully
[2025-04-11 14:40:47][INFO]: (HTTP)(GET=GetClient) Client(ID=301) was found successfully
[2025-04-11 14:41:12][WARNING]: (HTTP)(GET=GetAccount) No matching data was found in the database for account(ID=897CR54134bt01)
[2025-04-11 14:43:25][INFO]: ============= Log Console started
[2025-04-11 14:43:25][INFO]: (HTTP)(GET=GetAccounts) Bank accounts retrieved succesfully
[2025-04-11 14:43:33][INFO]: (HTTP)(GET=GetAccount) Bank account(ID=897CR54134bt01) was found successfully
[2025-04-11 14:43:40][INFO]: (HTTP)(GET=GetCards) Bank cards retrieved succesfully
[2025-04-11 14:44:06][INFO]: (HTTP)(GET=GetCard) Bank card(ID=10307) was found successfully
[2025-04-11 14:44:20][INFO]: (HTTP)(GET=GetEmployees) Loans retrieved succesfully
[2025-04-11 14:44:26][WARNING]: (HTTP)(GET=GetLoan)tecbank.services.ServiceException: (TECBANKSERVICE)System.Collections.Generic.KeyNotFoundException: (DBConnect) The table "loan" does not exist in the database tecbank: .\..\..\..\database\tecbank_db.json
   at tecbank.services.DBMS.DBConnect.SELECT[T](String table, Func`2 criteria) in B:\workbench\repos\CE3101-TECBank-Prototipo\src\web\api\services\dbms\DBConnect.cs:line 67
   at tecbank.services.TECBankService.Loan_Get(Int32 id) in B:\workbench\repos\CE3101-TECBank-Prototipo\src\web\api\services\TECBankService.cs:line 448
   at tecbank.services.TECBankService.Loan_Get(Int32 id) in B:\workbench\repos\CE3101-TECBank-Prototipo\src\web\api\services\TECBankService.cs:line 453
   at tecbank.controllers.Admin.GetLoan(Int32 id) in B:\workbench\repos\CE3101-TECBank-Prototipo\src\web\api\controllers\AdminSubsystem.cs:line 148
[2025-04-11 14:48:00][INFO]: ============= Log Console started
[2025-04-11 14:48:00][INFO]: (HTTP)(GET=GetLoan) Bank loan(ID=1) was found successfully
[2025-04-11 19:01:55][INFO]: ============= Log Console started
[2025-04-11 19:01:55][INFO]: (HTTP)(GET=GetClients) Clients retrieved succesfully
[2025-04-11 19:02:22][WARNING]: (HTTP)(DELETE=DeleteClient)tecbank.services.ServiceException: (TECBANKSERVICE)tecbank.services.DBMS.DBMSException: (DBConnect)System.Xml.XmlException: (TableAp) Serialization of table value failed: <value>
  <id>301</id>
  <name>Isaac</name>
  <last_name1>Ramirez</last_name1>
  <last_name2>Herrera</last_name2>
  <type>1</type>
  <username>snk100</username>
  <password>1234</password>
  <monthly_income>3000000.00</monthly_income>
  <phone_number>+506 3162 7168</phone_number>
  <address>Cartago</address>
  <rem_state>0</rem_state>
</value>
System.NullReferenceException: Object reference not set to an instance of an object.
   at tecbank.DBMS.TableAP.delete[T](Func`2 criteria) in B:\workbench\repos\CE3101-TECBank-Prototipo\src\web\api\services\dbms\TableAP.cs:line 222
   at tecbank.DBMS.TableAP.delete[T](Func`2 criteria) in B:\workbench\repos\CE3101-TECBank-Prototipo\src\web\api\services\dbms\TableAP.cs:line 227
   at tecbank.services.DBMS.DBConnect.REMOVE[T](String table, Func`2 criteria) in B:\workbench\repos\CE3101-TECBank-Prototipo\src\web\api\services\dbms\DBConnect.cs:line 149
   at tecbank.services.DBMS.DBConnect.REMOVE[T](String table, Func`2 criteria) in B:\workbench\repos\CE3101-TECBank-Prototipo\src\web\api\services\dbms\DBConnect.cs:line 151
   at tecbank.services.TECBankService.Client_Delete(Int32 id) in B:\workbench\repos\CE3101-TECBank-Prototipo\src\web\api\services\TECBankService.cs:line 136
   at tecbank.services.TECBankService.Client_Delete(Int32 id) in B:\workbench\repos\CE3101-TECBank-Prototipo\src\web\api\services\TECBankService.cs:line 142
   at tecbank.controllers.Admin.DeleteClient(Int32 id) in B:\workbench\repos\CE3101-TECBank-Prototipo\src\web\api\controllers\AdminSubsystem.cs:line 314
[2025-04-11 19:05:37][INFO]: ============= Log Console started
[2025-04-11 19:05:37][INFO]: (HTTP)(GET=GetClients) Clients retrieved succesfully
[2025-04-11 19:05:52][INFO]: (HTTP)(GET=GetClients) Clients retrieved succesfully
[2025-04-11 19:06:18][WARNING]: (HTTP)(GET=Login) Client login failed, no such client exists
[2025-04-11 19:06:34][INFO]: (HTTP)(GET=GetClient) Client(ID=301) was found successfully
[2025-04-12 14:18:01][INFO]: ============= Log Console started
[2025-04-12 14:18:01][INFO]: (HTTP)(GET=GetClients) Clients retrieved succesfully
[2025-04-12 14:18:08][INFO]: (HTTP)(GET=GetEmployees) Employees retrieved succesfully
[2025-04-12 14:18:27][INFO]: (HTTP)(GET=GetAdvisers) Employees retrieved succesfully
[2025-04-12 14:18:36][INFO]: (HTTP)(GET=GetMovements) Bank movements retrieved succesfully
[2025-04-12 14:18:51][INFO]: (HTTP)(GET=GetEmployees) Loans retrieved succesfully
[2025-04-12 14:19:16][WARNING]: (HTTP)(GET=GetAdviser) No matching data was found in the database for employee(ID=101)
[2025-04-12 14:19:20][WARNING]: (HTTP)(GET=GetAdviser) No matching data was found in the database for employee(ID=102)
[2025-04-12 14:19:24][INFO]: (HTTP)(GET=GetAdviser) Employee(ID=103) was found successfully
[2025-04-12 14:19:29][WARNING]: (HTTP)(GET=GetAdviser) No matching data was found in the database for employee(ID=104)
[2025-04-12 14:19:39][INFO]: (HTTP)(GET=GetAdviser) Employee(ID=109) was found successfully
[2025-04-12 14:22:00][INFO]: (HTTP)(GET=GetClients) Clients retrieved succesfully
[2025-04-12 14:22:18][INFO]: (HTTP)(POST=AddAccount) Bank account(ID=) was added successfully
[2025-04-12 14:22:39][INFO]: (HTTP)(GET=GetAccounts) Bank accounts retrieved succesfully
[2025-04-12 14:25:06][INFO]: ============= Log Console started
[2025-04-12 14:25:06][INFO]: (HTTP)(POST=AddAccount) Bank account(ID=151CR2255871423) was added successfully
[2025-04-12 18:52:22][INFO]: ============= Log Console started
[2025-04-12 18:52:22][INFO]: (HTTP)(GET=Login) Client(ID=306) login succesful
[2025-04-12 18:53:45][INFO]: ============= Log Console started
[2025-04-12 18:53:45][INFO]: (HTTP)(GET=Login) Client(ID=306) login succesful
[2025-04-12 18:55:09][INFO]: (HTTP)(PUT=UpdateClient) Client(ID=306) has been correctly modified
[2025-04-12 18:55:23][WARNING]: (HTTP)(GET=Login) Client login failed, no such client exists
[2025-04-12 18:55:32][INFO]: (HTTP)(GET=Login) Client(ID=306) login succesful
[2025-04-12 18:55:40][INFO]: (HTTP)(GET=GetAccounts) Bank accounts from client(ID=306) found succesfullly
[2025-04-12 18:56:39][INFO]: (HTTP)(POST=CreateCard) Card(ID=475478735) has been added for client(ID=306) to database
[2025-04-12 18:57:04][INFO]: (HTTP)(GET=GetCardsPerClient) Credit/debit cards from client(ID=306) found succesfullly
[2025-04-12 18:57:52][INFO]: (HTTP)(POST=OpenAccount) Bank account(ID=151CR1830471500) has been added for client(ID=306) to database
[2025-04-12 18:58:05][INFO]: (HTTP)(GET=GetAccounts) Bank accounts from client(ID=306) found succesfullly
[2025-04-12 18:58:40][WARNING]: (HTTP)(GET=GetAccounts) No bank accounts are bound to client(ID=301)
[2025-04-12 18:58:47][INFO]: (HTTP)(GET=GetAccounts) Bank accounts from client(ID=302) found succesfullly
[2025-04-12 19:03:52][INFO]: (HTTP)(GET=GetMovements) Bank movements retrieved succesfully
[2025-04-12 19:08:46][INFO]: (HTTP)(POST=MakeTransfer) Movement(ID=5324ec68-5563-4a1f-b0bf-5dc4915e8502) has been added to database
[2025-04-12 19:09:09][INFO]: (HTTP)(GET=GetMovements) Bank movements retrieved succesfully
[2025-04-12 20:40:00][INFO]: ============= Log Console started
[2025-04-12 20:40:00][INFO]: (HTTP)(GET=GetAccounts) Bank accounts retrieved succesfully
[2025-04-12 20:41:21][INFO]: ============= Log Console started
[2025-04-12 20:41:21][INFO]: (HTTP)(GET=GetAccounts) Bank accounts retrieved succesfully
[2025-04-12 20:41:26][INFO]: (HTTP)(GET=GetClients) Clients retrieved succesfully
[2025-04-12 20:42:27][INFO]: (HTTP)(GET=GetClient) Client(ID=306) was found successfully
[2025-04-12 20:43:52][WARNING]: (HTTP)(GET=GetAccount) No matching data was found in the database for account(ID=152CR54126bt67)
[2025-04-12 20:44:19][INFO]: (HTTP)(GET=GetAccount) Bank account(ID=646CR54186bt11) was found successfully
[2025-04-12 20:45:06][INFO]: (HTTP)(GET=GetAccounts) Bank accounts retrieved succesfully
[2025-04-12 20:48:49][INFO]: (HTTP)(POST=AddClient) Client(ID=309) was added successfully
[2025-04-12 20:48:57][INFO]: (HTTP)(GET=GetClients) Clients retrieved succesfully
[2025-04-12 20:50:28][INFO]: (HTTP)(POST=OpenAccount) Bank account(ID=151CR6461051191) has been added for client(ID=306) to database
[2025-04-12 20:50:36][INFO]: (HTTP)(GET=GetAccounts) Bank accounts retrieved succesfully
[2025-04-12 21:36:34][INFO]: ============= Log Console started
[2025-04-12 21:36:34][INFO]: (HTTP)(GET=GetClients) Clients retrieved succesfully
[2025-04-12 21:36:51][INFO]: (HTTP)(GET=GetAccounts) Bank accounts retrieved succesfully
[2025-04-13 14:30:40][INFO]: ============= Log Console started
[2025-04-13 14:30:40][INFO]: (HTTP)(GET=GetClients) Clients retrieved succesfully
[2025-04-13 16:58:57][INFO]: ============= Log Console started
[2025-04-13 16:58:57][INFO]: (HTTP)(GET=GetClients) Clients retrieved succesfully
[2025-04-13 17:01:30][INFO]: (HTTP)(POST=MakeTransfer) Movement(ID=a9876eda-5669-4570-bacb-99ab6c971c03) has been added to database
[2025-04-13 17:05:39][INFO]: ============= Log Console started
[2025-04-13 17:05:39][INFO]: (HTTP)(POST=MakeTransfer) Movement(ID=756b242e-c317-412e-bd66-2f01f06381f4) has been added to database
[2025-04-13 17:15:27][INFO]: ============= Log Console started
[2025-04-13 17:15:27][INFO]: (HTTP)(POST=MakeTransfer) Movement(ID=7812bb2f-e6fa-4c08-86c6-a4e4ad3ba3ad) has been added to database
[2025-04-13 17:17:42][INFO]: ============= Log Console started
[2025-04-13 17:17:42][INFO]: (HTTP)(POST=MakeTransfer) Movement(ID=087fd5f2-781e-45ca-a2fb-ad2f9ceb017d) has been added to database
[2025-04-13 17:24:06][INFO]: ============= Log Console started
[2025-04-13 17:24:06][INFO]: (HTTP)(POST=MakeTransfer) Movement(ID=56c33bca-b37c-4f35-a89d-54c1bc3720d5) has been added to database
[2025-04-13 17:27:10][INFO]: ============= Log Console started
[2025-04-13 17:27:10][INFO]: (HTTP)(POST=MakeTransfer) Movement(ID=95c912b5-c309-4d50-9f4b-66454d8cf618) has been added to database
[2025-04-13 17:29:20][WARNING]: (HTTP)(POST=MakeCardTransfer) Client(ID=301) doesn't exist on database
[2025-04-13 17:29:36][WARNING]: (HTTP)(POST=MakeCardTransfer) Card(ID=40030) doesn't exist on database
[2025-04-13 17:41:02][INFO]: ============= Log Console started
[2025-04-13 17:41:02][INFO]: (HTTP)(GET=GetCardsPerClient) Credit/debit cards from client(ID=301) found succesfullly
[2025-04-13 17:41:13][INFO]: (HTTP)(GET=GetAccounts) Bank accounts from client(ID=301) found succesfullly
[2025-04-13 17:41:31][WARNING]: (HTTP)(GET=GetLoans) No loans are bound to client(ID=301)
[2025-04-13 17:42:47][INFO]: (HTTP)(POST=AddLoan) Loan(ID=888) successfully added to database
[2025-04-13 17:42:57][INFO]: (HTTP)(GET=GetLoans) Loans from client(ID=301) found succesfullly
[2025-04-13 17:43:44][INFO]: (HTTP)(GET=GetLoanPayments) Loans from client(ID=301) found succesfullly
[2025-04-13 17:45:12][INFO]: (HTTP)(POST=Register) Loan payment(ID=38d2285b-02b6-47d2-9738-f517c063c151) has been added to database
[2025-04-13 17:45:26][INFO]: (HTTP)(GET=GetAllPayments) Loans from client(ID=301) found succesfullly
[2025-04-13 17:45:33][INFO]: (HTTP)(GET=GetLoanPayments) Loans from client(ID=301) found succesfullly
[2025-04-13 17:45:46][INFO]: (HTTP)(GET=GetAccounts) Bank accounts from client(ID=301) found succesfullly
[2025-04-13 17:47:03][INFO]: (HTTP)(GET=GetLoans) Loans from client(ID=301) found succesfullly
[2025-04-13 17:48:44][INFO]: (HTTP)(POST=Register) Loan payment(ID=38d2285b-02b6-47d2-9738-f517c063c151) has been added to database
[2025-04-13 17:48:52][INFO]: (HTTP)(GET=GetAccounts) Bank accounts from client(ID=301) found succesfullly
[2025-04-13 18:11:57][INFO]: ============= Log Console started
[2025-04-13 18:11:57][INFO]: (HTTP)(POST=Register) Client(ID=406) was added successfully
[2025-04-13 18:23:43][INFO]: (HTTP)(GET=Login) Client(ID=306) login succesful
[2025-04-13 18:58:58][INFO]: ============= Log Console started
[2025-04-13 18:58:58][WARNING]: (HTTP)(POST=AddEmployee)System.ArgumentException: (TECBANKSERVICE)System.ArgumentException: (DBConnect)System.ArgumentException: (TableAP) T object already exists in the table employees:5

   at tecbank.DBMS.TableAP.create[T](T obj) in B:\workbench\repos\CE3101-TECBank-Prototipo\src\web\api\services\dbms\TableAP.cs:line 195

   at tecbank.services.DBMS.DBConnect.INSERT[T](String table, T obj) in B:\workbench\repos\CE3101-TECBank-Prototipo\src\web\api\services\dbms\DBConnect.cs:line 109

   at tecbank.services.DBMS.DBConnect.INSERT[T](String table, T obj) in B:\workbench\repos\CE3101-TECBank-Prototipo\src\web\api\services\dbms\DBConnect.cs:line 113

   at tecbank.services.TECBankService.Employee_Add(BankEmployee employee) in B:\workbench\repos\CE3101-TECBank-Prototipo\src\web\api\services\TECBankService.cs:line 614

   at tecbank.services.TECBankService.Employee_Add(BankEmployee employee) in B:\workbench\repos\CE3101-TECBank-Prototipo\src\web\api\services\TECBankService.cs:line 620

   at tecbank.controllers.Admin.AddEmployee(Int32 key, BankEmployee employee) in B:\workbench\repos\CE3101-TECBank-Prototipo\src\web\api\controllers\AdminSubsystem.cs:line 382
[2025-04-13 19:00:27][INFO]: ============= Log Console started
[2025-04-13 19:00:27][INFO]: (HTTP)(POST=AddEmployee) Employee(ID=101) successfully added to database
[2025-04-13 19:00:33][WARNING]: (HTTP)(POST=AddEmployee)System.ArgumentException: (TECBANKSERVICE)System.ArgumentException: (DBConnect)System.ArgumentException: (TableAP) T object already exists in the table employees:5

   at tecbank.DBMS.TableAP.create[T](T obj) in B:\workbench\repos\CE3101-TECBank-Prototipo\src\web\api\services\dbms\TableAP.cs:line 195

   at tecbank.services.DBMS.DBConnect.INSERT[T](String table, T obj) in B:\workbench\repos\CE3101-TECBank-Prototipo\src\web\api\services\dbms\DBConnect.cs:line 109

   at tecbank.services.DBMS.DBConnect.INSERT[T](String table, T obj) in B:\workbench\repos\CE3101-TECBank-Prototipo\src\web\api\services\dbms\DBConnect.cs:line 113

   at tecbank.services.TECBankService.Employee_Add(BankEmployee employee) in B:\workbench\repos\CE3101-TECBank-Prototipo\src\web\api\services\TECBankService.cs:line 614

   at tecbank.services.TECBankService.Employee_Add(BankEmployee employee) in B:\workbench\repos\CE3101-TECBank-Prototipo\src\web\api\services\TECBankService.cs:line 620

   at tecbank.controllers.Admin.AddEmployee(Int32 key, BankEmployee employee) in B:\workbench\repos\CE3101-TECBank-Prototipo\src\web\api\controllers\AdminSubsystem.cs:line 382
[2025-04-13 19:01:05][INFO]: (HTTP)(POST=AddClient) Client(ID=301) was added successfully
[2025-04-13 19:03:39][INFO]: ============= Log Console started
[2025-04-13 19:03:39][WARNING]: (HTTP)(POST=AddClient)System.ArgumentException: (TECBANKSERVICE)System.ArgumentException: (DBConnect)System.ArgumentException: (TableAP) T object already exists in the table clients:1

   at tecbank.DBMS.TableAP.create[T](T obj) in B:\workbench\repos\CE3101-TECBank-Prototipo\src\web\api\services\dbms\TableAP.cs:line 195

   at tecbank.services.DBMS.DBConnect.INSERT[T](String table, T obj) in B:\workbench\repos\CE3101-TECBank-Prototipo\src\web\api\services\dbms\DBConnect.cs:line 109

   at tecbank.services.DBMS.DBConnect.INSERT[T](String table, T obj) in B:\workbench\repos\CE3101-TECBank-Prototipo\src\web\api\services\dbms\DBConnect.cs:line 113

   at tecbank.services.TECBankService.Client_Add(ClientAccount client) in B:\workbench\repos\CE3101-TECBank-Prototipo\src\web\api\services\TECBankService.cs:line 115

   at tecbank.services.TECBankService.Client_Add(ClientAccount client) in B:\workbench\repos\CE3101-TECBank-Prototipo\src\web\api\services\TECBankService.cs:line 121

   at tecbank.controllers.Admin.AddClient(Int32 key, ClientAccount client) in B:\workbench\repos\CE3101-TECBank-Prototipo\src\web\api\controllers\AdminSubsystem.cs:line 274
[2025-04-13 20:34:15][INFO]: ============= Log Console started
[2025-04-13 20:34:15][INFO]: Generated loan report for client 302
[2025-04-13 20:37:12][INFO]: (HTTP)(GET=GetAdviserGoals) Goals for adviser 109 retrieved successfully
[2025-04-13 20:37:35][INFO]: (HTTP)(GET=GetAdviserGoals) Goals for adviser 101 retrieved successfully
[2025-04-13 21:51:25][INFO]: ============= Log Console started
[2025-04-13 21:51:25][INFO]: (HTTP)(POST=Register) Client(ID=305560135) was added successfully
[2025-04-13 21:51:48][INFO]: (HTTP)(GET=GetClients) Clients retrieved succesfully
[2025-04-13 21:56:00][INFO]: (HTTP)(POST=Register) Client(ID=107809105) was added successfully
[2025-04-13 21:56:08][INFO]: (HTTP)(GET=GetClients) Clients retrieved succesfully
[2025-04-13 21:58:19][INFO]: (HTTP)(POST=OpenAccount) Bank account(ID=151CR9178635545) has been added for client(ID=305560135) to database
[2025-04-13 21:59:15][INFO]: (HTTP)(POST=OpenAccount) Bank account(ID=151CR8184164502) has been added for client(ID=107809105) to database
[2025-04-13 22:01:05][WARNING]: (HTTP)(POST=MakeTransfer)System.ArgumentException: (TECBANKSERVICE)System.ArgumentException: (TECBANKSERVICE) Currency(ID=1) from sender bank account(ID=151CR8184164502) doesn't exist on database
   at tecbank.services.TECBankService.Movement_New_AccountToAccount(String sender_id, String receiver_id, BankMovement movement) in B:\workbench\repos\CE3101-TECBank-Prototipo\src\web\api\services\TECBankService.cs:line 1160
   at tecbank.services.TECBankService.Movement_New_AccountToAccount(String sender_id, String receiver_id, BankMovement movement) in B:\workbench\repos\CE3101-TECBank-Prototipo\src\web\api\services\TECBankService.cs:line 1211
   at tecbank.controllers.Client.MakeTransfer(Int32 user_id, String owner_id, String target_id, BankMovement transfer) in B:\workbench\repos\CE3101-TECBank-Prototipo\src\web\api\controllers\ClientSubsytem.cs:line 308
[2025-04-13 22:02:00][WARNING]: (HTTP)(POST=MakeTransfer)System.ArgumentException: (TECBANKSERVICE)System.ArgumentException: (TECBANKSERVICE) Currency(ID=1) from sender bank account(ID=151CR8184164502) doesn't exist on database
   at tecbank.services.TECBankService.Movement_New_AccountToAccount(String sender_id, String receiver_id, BankMovement movement) in B:\workbench\repos\CE3101-TECBank-Prototipo\src\web\api\services\TECBankService.cs:line 1160
   at tecbank.services.TECBankService.Movement_New_AccountToAccount(String sender_id, String receiver_id, BankMovement movement) in B:\workbench\repos\CE3101-TECBank-Prototipo\src\web\api\services\TECBankService.cs:line 1211
   at tecbank.controllers.Client.MakeTransfer(Int32 user_id, String owner_id, String target_id, BankMovement transfer) in B:\workbench\repos\CE3101-TECBank-Prototipo\src\web\api\controllers\ClientSubsytem.cs:line 308
[2025-04-13 22:03:46][INFO]: ============= Log Console started
[2025-04-13 22:03:46][INFO]: (HTTP)(POST=MakeTransfer) Movement(ID=578a8c75-79a4-4d83-93a7-291fc9801358) has been added to database
[2025-04-13 22:39:07][INFO]: ============= Log Console started
[2025-04-13 22:39:07][WARNING]: (HTTP)(POST=Register)tecbank.services.ServiceException: (TECBANKSERVICE)System.Collections.Generic.KeyNotFoundException: (DBConnect) The table "clients" does not exist in the database tecbank: .\database\tecbank_db.json
   at tecbank.services.DBMS.DBConnect.INSERT[T](String table, T obj) in B:\workbench\repos\CE3101-TECBank-Prototipo\src\web\api\services\dbms\DBConnect.cs:line 108
   at tecbank.services.TECBankService.Client_Add(ClientAccount client) in B:\workbench\repos\CE3101-TECBank-Prototipo\src\web\api\services\TECBankService.cs:line 301
   at tecbank.services.TECBankService.Client_Add(ClientAccount client) in B:\workbench\repos\CE3101-TECBank-Prototipo\src\web\api\services\TECBankService.cs:line 305
   at tecbank.controllers.Client.Register(ClientAccount client) in B:\workbench\repos\CE3101-TECBank-Prototipo\src\web\api\controllers\ClientSubsytem.cs:line 202
[2025-04-13 22:41:41][INFO]: ============= Log Console started
[2025-04-13 22:41:41][WARNING]: (HTTP)(POST=Register)System.ArgumentException: (TECBANKSERVICE)System.ArgumentException: (DBConnect)System.ArgumentException: (TableAP) T object already exists in the table clients:1
   at tecbank.DBMS.TableAP.create[T](T obj) in B:\workbench\repos\CE3101-TECBank-Prototipo\src\web\api\services\dbms\TableAP.cs:line 203
   at tecbank.services.DBMS.DBConnect.INSERT[T](String table, T obj) in B:\workbench\repos\CE3101-TECBank-Prototipo\src\web\api\services\dbms\DBConnect.cs:line 109
   at tecbank.services.DBMS.DBConnect.INSERT[T](String table, T obj) in B:\workbench\repos\CE3101-TECBank-Prototipo\src\web\api\services\dbms\DBConnect.cs:line 113
   at tecbank.services.TECBankService.Client_Add(ClientAccount client) in B:\workbench\repos\CE3101-TECBank-Prototipo\src\web\api\services\TECBankService.cs:line 301
   at tecbank.services.TECBankService.Client_Add(ClientAccount client) in B:\workbench\repos\CE3101-TECBank-Prototipo\src\web\api\services\TECBankService.cs:line 307
   at tecbank.controllers.Client.Register(ClientAccount client) in B:\workbench\repos\CE3101-TECBank-Prototipo\src\web\api\controllers\ClientSubsytem.cs:line 202
[2025-04-13 22:43:02][WARNING]: (HTTP)(POST=Register)System.ArgumentException: (TECBANKSERVICE)System.ArgumentException: (DBConnect)System.ArgumentException: (TableAP) T object already exists in the table clients:1
   at tecbank.DBMS.TableAP.create[T](T obj) in B:\workbench\repos\CE3101-TECBank-Prototipo\src\web\api\services\dbms\TableAP.cs:line 203
   at tecbank.services.DBMS.DBConnect.INSERT[T](String table, T obj) in B:\workbench\repos\CE3101-TECBank-Prototipo\src\web\api\services\dbms\DBConnect.cs:line 109
   at tecbank.services.DBMS.DBConnect.INSERT[T](String table, T obj) in B:\workbench\repos\CE3101-TECBank-Prototipo\src\web\api\services\dbms\DBConnect.cs:line 113
   at tecbank.services.TECBankService.Client_Add(ClientAccount client) in B:\workbench\repos\CE3101-TECBank-Prototipo\src\web\api\services\TECBankService.cs:line 301
   at tecbank.services.TECBankService.Client_Add(ClientAccount client) in B:\workbench\repos\CE3101-TECBank-Prototipo\src\web\api\services\TECBankService.cs:line 307
   at tecbank.controllers.Client.Register(ClientAccount client) in B:\workbench\repos\CE3101-TECBank-Prototipo\src\web\api\controllers\ClientSubsytem.cs:line 202
[2025-04-13 22:43:27][INFO]: (HTTP)(POST=Register) Client(ID=107809106) was added successfully
[2025-04-13 23:14:24][INFO]: (HTTP)(POST=Register) Client(ID=307568991) was added successfully
[2025-04-13 23:15:42][INFO]: (HTTP)(POST=OpenAccount) Bank account(ID=151CR4824722633) has been added for client(ID=307568991) to database
[2025-04-13 23:18:03][INFO]: (HTTP)(POST=CreateCard) Card(ID=477646127) has been added for client(ID=307568991) to database
[2025-04-13 23:18:31][INFO]: (HTTP)(POST=CreateCard) Card(ID=482320469) has been added for client(ID=107809105) to database
[2025-04-13 23:19:10][INFO]: (HTTP)(POST=CreateCard) Card(ID=462310534) has been added for client(ID=305560135) to database
[2025-04-13 23:32:40][INFO]: ============= Log Console started
[2025-04-13 23:32:40][INFO]: (HTTP)(POST=AddEmployee) Employee(ID=906701143) successfully added to database
[2025-04-13 23:34:03][INFO]: (HTTP)(POST=AddLoan) Loan(ID=0) successfully added to database
[2025-04-13 23:35:47][INFO]: (HTTP)(POST=MakeTransfer) Movement(ID=48815d6c-82ad-4d86-b821-f2752a9df2a4) has been added to database
[2025-04-13 23:38:35][INFO]: ============= Log Console started
[2025-04-13 23:38:35][INFO]: (HTTP)(GET=Login) Client(ID=305560135) login succesful
[2025-04-13 23:38:59][INFO]: (HTTP)(GET=GetCardsPerClient) Credit/debit cards from client(ID=305560135) found succesfullly
[2025-04-13 23:39:07][INFO]: (HTTP)(GET=GetAccounts) Bank accounts from client(ID=305560135) found succesfullly
[2025-04-13 23:41:04][INFO]: (HTTP)(POST=Register) Loan payment(ID=x) has been added to database
[2025-04-13 23:41:52][INFO]: (HTTP)(POST=Register) Loan payment(ID=6929e40a-cf75-40d3-905e-cbd3fb45b603) has been added to database
[2025-04-14 11:50:02][INFO]: ============= Log Console started
[2025-04-14 11:50:02][INFO]: (HTTP)(GET=GetClients) Clients retrieved succesfully
[2025-04-14 11:50:23][INFO]: (HTTP)(GET=Login) Client(ID=305560135) login succesful